
> beauty-parlour-backend@1.0.0 test
> node --experimental-vm-modules node_modules/jest/bin/jest.js

node.exe : (node:22328) ExperimentalWarning: VM Modules is an experimental feature and might change at any time
At line:1 char:1
+ & "C:\Program Files\nodejs/node.exe" "C:\Program Files\nodejs/node_mo ...
+ ~~~~~~~~~~~~~~~~~~~~~~~~~~~~~~~~~~~~~~~~~~~~~~~~~~~~~~~~~~~~~~~~~~~~~
    + CategoryInfo          : NotSpecified: ((node:22328) Ex...nge at any time:String) [], RemoteException
    + FullyQualifiedErrorId : NativeCommandError
 
(Use `node --trace-warnings ...` to show where the warning was created)
PASS tests/health.test.js
(node:13896) ExperimentalWarning: VM Modules is an experimental feature and might change at any time
(Use `node --trace-warnings ...` to show where the warning was created)
(node:2404) ExperimentalWarning: VM Modules is an experimental feature and might change at any time
(Use `node --trace-warnings ...` to show where the warning was created)
FAIL tests/appointment.test.js (15.06 s)
  ΓùÅ Appointment Routes ΓÇ║ POST /api/appointments ΓÇ║ should create an appointment

    thrown: "Exceeded timeout of 5000 ms for a hook.
    Add a timeout value to this test to increase the timeout, if this is a long-running test. See 
https://jestjs.io/docs/api#testname-fn-timeout."

    [0m [90m  8 |[39m
     [90m  9 |[39m describe([32m'Appointment Routes'[39m[33m,[39m () [33m=>[39m {
    [31m[1m>[22m[39m[90m 10 |[39m     beforeAll([36masync[39m () [33m=>[39m {
     [90m    |[39m     [31m[1m^[22m[39m
     [90m 11 |[39m         [36mawait[39m connectDB()[33m;[39m
     [90m 12 |[39m     })[33m;[39m
     [90m 13 |[39m[0m

      at beforeAll (tests/appointment.test.js:10:5)
      at describe (tests/appointment.test.js:9:1)


  ΓùÅ Test suite failed to run

    thrown: "Exceeded timeout of 5000 ms for a hook.
    Add a timeout value to this test to increase the timeout, if this is a long-running test. See 
https://jestjs.io/docs/api#testname-fn-timeout."

    [0m [90m 40 |[39m     })[33m;[39m
     [90m 41 |[39m
    [31m[1m>[22m[39m[90m 42 |[39m     afterAll([36masync[39m () [33m=>[39m {
     [90m    |[39m     [31m[1m^[22m[39m
     [90m 43 |[39m         [36mawait[39m mongoose[33m.[39mconnection[33m.[39mclose()[33m;[39m
     [90m 44 |[39m     })[33m;[39m
     [90m 45 |[39m[0m

      at afterAll (tests/appointment.test.js:42:5)
      at describe (tests/appointment.test.js:9:1)

FAIL tests/auth.test.js (15.079 s)
  ΓùÅ Auth Routes ΓÇ║ POST /api/users ΓÇ║ should register a new user

    thrown: "Exceeded timeout of 5000 ms for a hook.
    Add a timeout value to this test to increase the timeout, if this is a long-running test. See 
https://jestjs.io/docs/api#testname-fn-timeout."

    [0m [90m  6 |[39m
     [90m  7 |[39m describe([32m'Auth Routes'[39m[33m,[39m () [33m=>[39m {
    [31m[1m>[22m[39m[90m  8 |[39m     beforeAll([36masync[39m () [33m=>[39m {
     [90m    |[39m     [31m[1m^[22m[39m
     [90m  9 |[39m         [36mawait[39m connectDB()[33m;[39m
     [90m 10 |[39m     })[33m;[39m
     [90m 11 |[39m[0m

      at beforeAll (tests/auth.test.js:8:5)
      at describe (tests/auth.test.js:7:1)

  ΓùÅ Auth Routes ΓÇ║ POST /api/users ΓÇ║ should not register user with duplicate email

    thrown: "Exceeded timeout of 5000 ms for a hook.
    Add a timeout value to this test to increase the timeout, if this is a long-running test. See 
https://jestjs.io/docs/api#testname-fn-timeout."

    [0m [90m  6 |[39m
     [90m  7 |[39m describe([32m'Auth Routes'[39m[33m,[39m () [33m=>[39m {
    [31m[1m>[22m[39m[90m  8 |[39m     beforeAll([36masync[39m () [33m=>[39m {
     [90m    |[39m     [31m[1m^[22m[39m
     [90m  9 |[39m         [36mawait[39m connectDB()[33m;[39m
     [90m 10 |[39m     })[33m;[39m
     [90m 11 |[39m[0m

      at beforeAll (tests/auth.test.js:8:5)
      at describe (tests/auth.test.js:7:1)

  ΓùÅ Auth Routes ΓÇ║ POST /api/users/login ΓÇ║ should login with valid credentials

    thrown: "Exceeded timeout of 5000 ms for a hook.
    Add a timeout value to this test to increase the timeout, if this is a long-running test. See 
https://jestjs.io/docs/api#testname-fn-timeout."

    [0m [90m  6 |[39m
     [90m  7 |[39m describe([32m'Auth Routes'[39m[33m,[39m () [33m=>[39m {
    [31m[1m>[22m[39m[90m  8 |[39m     beforeAll([36masync[39m () [33m=>[39m {
     [90m    |[39m     [31m[1m^[22m[39m
     [90m  9 |[39m         [36mawait[39m connectDB()[33m;[39m
     [90m 10 |[39m     })[33m;[39m
     [90m 11 |[39m[0m

      at beforeAll (tests/auth.test.js:8:5)
      at describe (tests/auth.test.js:7:1)

  ΓùÅ Auth Routes ΓÇ║ POST /api/users/login ΓÇ║ should fail with invalid credentials

    thrown: "Exceeded timeout of 5000 ms for a hook.
    Add a timeout value to this test to increase the timeout, if this is a long-running test. See 
https://jestjs.io/docs/api#testname-fn-timeout."

    [0m [90m  6 |[39m
     [90m  7 |[39m describe([32m'Auth Routes'[39m[33m,[39m () [33m=>[39m {
    [31m[1m>[22m[39m[90m  8 |[39m     beforeAll([36masync[39m () [33m=>[39m {
     [90m    |[39m     [31m[1m^[22m[39m
     [90m  9 |[39m         [36mawait[39m connectDB()[33m;[39m
     [90m 10 |[39m     })[33m;[39m
     [90m 11 |[39m[0m

      at beforeAll (tests/auth.test.js:8:5)
      at describe (tests/auth.test.js:7:1)


  ΓùÅ Test suite failed to run

    thrown: "Exceeded timeout of 5000 ms for a hook.
    Add a timeout value to this test to increase the timeout, if this is a long-running test. See 
https://jestjs.io/docs/api#testname-fn-timeout."

    [0m [90m 14 |[39m     })[33m;[39m
     [90m 15 |[39m
    [31m[1m>[22m[39m[90m 16 |[39m     afterAll([36masync[39m () [33m=>[39m {
     [90m    |[39m     [31m[1m^[22m[39m
     [90m 17 |[39m         [36mawait[39m mongoose[33m.[39mconnection[33m.[39mclose()[33m;[39m
     [90m 18 |[39m     })[33m;[39m
     [90m 19 |[39m[0m

      at afterAll (tests/auth.test.js:16:5)
      at describe (tests/auth.test.js:7:1)

A worker process has failed to exit gracefully and has been force exited. This is likely caused by tests leaking due 
to improper teardown. Try running with --detectOpenHandles to find leaks. Active timers can also cause this, ensure 
that .unref() was called on them.
Test Suites: 2 failed, 1 passed, 3 total
Tests:       5 failed, 1 passed, 6 total
Snapshots:   0 total
Time:        16.959 s
Ran all test suites.
