
> beauty-parlour-backend@1.0.0 test
> node --experimental-vm-modules node_modules/jest/bin/jest.js --runInBand

node.exe : (node:26880) ExperimentalWarning: VM Modules 
is an experimental feature and might change at any time
At line:1 char:1
+ & "C:\Program Files\nodejs/node.exe" "C:\Program 
Files\nodejs/node_mo ...
+ ~~~~~~~~~~~~~~~~~~~~~~~~~~~~~~~~~~~~~~~~~~~~~~~~~~~~~~~
~~~~~~~~~~~~~~
    + CategoryInfo          : NotSpecified: ((node:26880 
   ) Ex...nge at any time:String) [], RemoteException
    + FullyQualifiedErrorId : NativeCommandError
 
(Use `node --trace-warnings ...` to show where the 
warning was created)
FAIL tests/services.test.js (12.092 s)
  ΓùÅ Console

    console.log
      ≡ƒöæ API Key Loaded: YES (Starts with AIza)

      at log (src/controllers/aiController.js:11:9)

    console.log
      Γ£¿ AI Model initialized successfully

      at log (src/controllers/aiController.js:22:17)

    console.warn
      Starting the MongoMemoryServer Instance failed, 
enable debug log for more information. Error:
       Md5CheckFailedError: MD5 check failed! Binary MD5 
is "96dd562184ffb812ba951589da482cac", Checkfile MD5 is 
"896333eea778fa3f7726df71d1b1e9b7"
          at MongoBinaryDownload.makeMD5check (C:\Users\h
p\Downloads\BP\backend\node_modules\mongodb-memory-server
-core\src\util\MongoBinaryDownload.ts:183:13)
          at MongoBinaryDownload.startDownload (C:\Users\
hp\Downloads\BP\backend\node_modules\mongodb-memory-serve
r-core\src\util\MongoBinaryDownload.ts:149:5)
          at MongoBinaryDownload.getMongodPath (C:\Users\
hp\Downloads\BP\backend\node_modules\mongodb-memory-serve
r-core\src\util\MongoBinaryDownload.ts:114:28)
          at MongoBinary.download (C:\Users\hp\Downloads\
BP\backend\node_modules\mongodb-memory-server-core\src\ut
il\MongoBinary.ts:47:49)
          at MongoBinary.getPath (C:\Users\hp\Downloads\B
P\backend\node_modules\mongodb-memory-server-core\src\uti
l\MongoBinary.ts:132:22)
          at MongoInstance.start (C:\Users\hp\Downloads\B
P\backend\node_modules\mongodb-memory-server-core\src\uti
l\MongoInstance.ts:366:22)
          at MongoInstance.create (C:\Users\hp\Downloads\
BP\backend\node_modules\mongodb-memory-server-core\src\ut
il\MongoInstance.ts:294:5)
          at MongoMemoryServer._startUpInstance (C:\Users
\hp\Downloads\BP\backend\node_modules\mongodb-memory-serv
er-core\src\MongoMemoryServer.ts:530:22)
          at MongoMemoryServer.start (C:\Users\hp\Downloa
ds\BP\backend\node_modules\mongodb-memory-server-core\src
\MongoMemoryServer.ts:350:5)
          at MongoMemoryServer.create (C:\Users\hp\Downlo
ads\BP\backend\node_modules\mongodb-memory-server-core\sr
c\MongoMemoryServer.ts:317:5)
          at Object.<anonymous> 
(C:\Users\hp\Downloads\BP\backend\tests\setup.js:12:19) {
        binarymd5: '96dd562184ffb812ba951589da482cac',
        checkfilemd5: '896333eea778fa3f7726df71d1b1e9b7'
      }

    [0m [90m 10 |[39m beforeAll([36masync[39m () 
[33m=>[39m {
     [90m 11 |[39m     [90m// Start in-memory MongoDB 
instance[39m
    [31m[1m>[22m[39m[90m 12 |[39m     mongoServer 
[33m=[39m [36mawait[39m 
[33mMongoMemoryServer[39m[33m.[39mcreate()[33m;[39m
     [90m    |[39m                   
[31m[1m^[22m[39m
     [90m 13 |[39m     [36mconst[39m mongoUri 
[33m=[39m mongoServer[33m.[39mgetUri()[33m;[39m
     [90m 14 |[39m
     [90m 15 |[39m     [90m// Connect to the 
in-memory database[39m[0m

      at node_modules/mongodb-memory-server-core/src/Mong
oMemoryServer.ts:359:17
      at MongoMemoryServer.start (node_modules/mongodb-me
mory-server-core/src/MongoMemoryServer.ts:350:5)
      at MongoMemoryServer.create (node_modules/mongodb-m
emory-server-core/src/MongoMemoryServer.ts:317:5)
      at Object.<anonymous> (tests/setup.js:12:19)

  ΓùÅ Service Routes ΓÇ║ GET /api/services ΓÇ║ should 
fetch all active services

    MD5 check failed! Binary MD5 is 
"96dd562184ffb812ba951589da482cac", Checkfile MD5 is 
"896333eea778fa3f7726df71d1b1e9b7"

    [0m [90m 10 |[39m beforeAll([36masync[39m () 
[33m=>[39m {
     [90m 11 |[39m     [90m// Start in-memory MongoDB 
instance[39m
    [31m[1m>[22m[39m[90m 12 |[39m     mongoServer 
[33m=[39m [36mawait[39m 
[33mMongoMemoryServer[39m[33m.[39mcreate()[33m;[39m
     [90m    |[39m                   
[31m[1m^[22m[39m
     [90m 13 |[39m     [36mconst[39m mongoUri 
[33m=[39m mongoServer[33m.[39mgetUri()[33m;[39m
     [90m 14 |[39m
     [90m 15 |[39m     [90m// Connect to the 
in-memory database[39m[0m

      at MongoBinaryDownload.makeMD5check (node_modules/m
ongodb-memory-server-core/src/util/MongoBinaryDownload.ts
:183:13)
      at MongoBinaryDownload.startDownload (node_modules/
mongodb-memory-server-core/src/util/MongoBinaryDownload.t
s:149:5)
      at MongoBinaryDownload.getMongodPath (node_modules/
mongodb-memory-server-core/src/util/MongoBinaryDownload.t
s:114:28)
      at MongoBinary.download (node_modules/mongodb-memor
y-server-core/src/util/MongoBinary.ts:47:49)
      at MongoBinary.getPath (node_modules/mongodb-memory
-server-core/src/util/MongoBinary.ts:132:22)
      at MongoInstance.start (node_modules/mongodb-memory
-server-core/src/util/MongoInstance.ts:366:22)
      at MongoInstance.create (node_modules/mongodb-memor
y-server-core/src/util/MongoInstance.ts:294:5)
      at MongoMemoryServer._startUpInstance (node_modules
/mongodb-memory-server-core/src/MongoMemoryServer.ts:530:
22)
      at MongoMemoryServer.start (node_modules/mongodb-me
mory-server-core/src/MongoMemoryServer.ts:350:5)
      at MongoMemoryServer.create (node_modules/mongodb-m
emory-server-core/src/MongoMemoryServer.ts:317:5)
      at Object.<anonymous> (tests/setup.js:12:19)

  ΓùÅ Service Routes ΓÇ║ POST /api/services ΓÇ║ should 
create a service as admin

    MD5 check failed! Binary MD5 is 
"96dd562184ffb812ba951589da482cac", Checkfile MD5 is 
"896333eea778fa3f7726df71d1b1e9b7"

    [0m [90m 10 |[39m beforeAll([36masync[39m () 
[33m=>[39m {
     [90m 11 |[39m     [90m// Start in-memory MongoDB 
instance[39m
    [31m[1m>[22m[39m[90m 12 |[39m     mongoServer 
[33m=[39m [36mawait[39m 
[33mMongoMemoryServer[39m[33m.[39mcreate()[33m;[39m
     [90m    |[39m                   
[31m[1m^[22m[39m
     [90m 13 |[39m     [36mconst[39m mongoUri 
[33m=[39m mongoServer[33m.[39mgetUri()[33m;[39m
     [90m 14 |[39m
     [90m 15 |[39m     [90m// Connect to the 
in-memory database[39m[0m

      at MongoBinaryDownload.makeMD5check (node_modules/m
ongodb-memory-server-core/src/util/MongoBinaryDownload.ts
:183:13)
      at MongoBinaryDownload.startDownload (node_modules/
mongodb-memory-server-core/src/util/MongoBinaryDownload.t
s:149:5)
      at MongoBinaryDownload.getMongodPath (node_modules/
mongodb-memory-server-core/src/util/MongoBinaryDownload.t
s:114:28)
      at MongoBinary.download (node_modules/mongodb-memor
y-server-core/src/util/MongoBinary.ts:47:49)
      at MongoBinary.getPath (node_modules/mongodb-memory
-server-core/src/util/MongoBinary.ts:132:22)
      at MongoInstance.start (node_modules/mongodb-memory
-server-core/src/util/MongoInstance.ts:366:22)
      at MongoInstance.create (node_modules/mongodb-memor
y-server-core/src/util/MongoInstance.ts:294:5)
      at MongoMemoryServer._startUpInstance (node_modules
/mongodb-memory-server-core/src/MongoMemoryServer.ts:530:
22)
      at MongoMemoryServer.start (node_modules/mongodb-me
mory-server-core/src/MongoMemoryServer.ts:350:5)
      at MongoMemoryServer.create (node_modules/mongodb-m
emory-server-core/src/MongoMemoryServer.ts:317:5)
      at Object.<anonymous> (tests/setup.js:12:19)

  ΓùÅ Service Routes ΓÇ║ POST /api/services ΓÇ║ should 
fail without auth token

    MD5 check failed! Binary MD5 is 
"96dd562184ffb812ba951589da482cac", Checkfile MD5 is 
"896333eea778fa3f7726df71d1b1e9b7"

    [0m [90m 10 |[39m beforeAll([36masync[39m () 
[33m=>[39m {
     [90m 11 |[39m     [90m// Start in-memory MongoDB 
instance[39m
    [31m[1m>[22m[39m[90m 12 |[39m     mongoServer 
[33m=[39m [36mawait[39m 
[33mMongoMemoryServer[39m[33m.[39mcreate()[33m;[39m
     [90m    |[39m                   
[31m[1m^[22m[39m
     [90m 13 |[39m     [36mconst[39m mongoUri 
[33m=[39m mongoServer[33m.[39mgetUri()[33m;[39m
     [90m 14 |[39m
     [90m 15 |[39m     [90m// Connect to the 
in-memory database[39m[0m

      at MongoBinaryDownload.makeMD5check (node_modules/m
ongodb-memory-server-core/src/util/MongoBinaryDownload.ts
:183:13)
      at MongoBinaryDownload.startDownload (node_modules/
mongodb-memory-server-core/src/util/MongoBinaryDownload.t
s:149:5)
      at MongoBinaryDownload.getMongodPath (node_modules/
mongodb-memory-server-core/src/util/MongoBinaryDownload.t
s:114:28)
      at MongoBinary.download (node_modules/mongodb-memor
y-server-core/src/util/MongoBinary.ts:47:49)
      at MongoBinary.getPath (node_modules/mongodb-memory
-server-core/src/util/MongoBinary.ts:132:22)
      at MongoInstance.start (node_modules/mongodb-memory
-server-core/src/util/MongoInstance.ts:366:22)
      at MongoInstance.create (node_modules/mongodb-memor
y-server-core/src/util/MongoInstance.ts:294:5)
      at MongoMemoryServer._startUpInstance (node_modules
/mongodb-memory-server-core/src/MongoMemoryServer.ts:530:
22)
      at MongoMemoryServer.start (node_modules/mongodb-me
mory-server-core/src/MongoMemoryServer.ts:350:5)
      at MongoMemoryServer.create (node_modules/mongodb-m
emory-server-core/src/MongoMemoryServer.ts:317:5)
      at Object.<anonymous> (tests/setup.js:12:19)

  ΓùÅ Service Routes ΓÇ║ PUT /api/services/:id ΓÇ║ 
should update a service as admin

    MD5 check failed! Binary MD5 is 
"96dd562184ffb812ba951589da482cac", Checkfile MD5 is 
"896333eea778fa3f7726df71d1b1e9b7"

    [0m [90m 10 |[39m beforeAll([36masync[39m () 
[33m=>[39m {
     [90m 11 |[39m     [90m// Start in-memory MongoDB 
instance[39m
    [31m[1m>[22m[39m[90m 12 |[39m     mongoServer 
[33m=[39m [36mawait[39m 
[33mMongoMemoryServer[39m[33m.[39mcreate()[33m;[39m
     [90m    |[39m                   
[31m[1m^[22m[39m
     [90m 13 |[39m     [36mconst[39m mongoUri 
[33m=[39m mongoServer[33m.[39mgetUri()[33m;[39m
     [90m 14 |[39m
     [90m 15 |[39m     [90m// Connect to the 
in-memory database[39m[0m

      at MongoBinaryDownload.makeMD5check (node_modules/m
ongodb-memory-server-core/src/util/MongoBinaryDownload.ts
:183:13)
      at MongoBinaryDownload.startDownload (node_modules/
mongodb-memory-server-core/src/util/MongoBinaryDownload.t
s:149:5)
      at MongoBinaryDownload.getMongodPath (node_modules/
mongodb-memory-server-core/src/util/MongoBinaryDownload.t
s:114:28)
      at MongoBinary.download (node_modules/mongodb-memor
y-server-core/src/util/MongoBinary.ts:47:49)
      at MongoBinary.getPath (node_modules/mongodb-memory
-server-core/src/util/MongoBinary.ts:132:22)
      at MongoInstance.start (node_modules/mongodb-memory
-server-core/src/util/MongoInstance.ts:366:22)
      at MongoInstance.create (node_modules/mongodb-memor
y-server-core/src/util/MongoInstance.ts:294:5)
      at MongoMemoryServer._startUpInstance (node_modules
/mongodb-memory-server-core/src/MongoMemoryServer.ts:530:
22)
      at MongoMemoryServer.start (node_modules/mongodb-me
mory-server-core/src/MongoMemoryServer.ts:350:5)
      at MongoMemoryServer.create (node_modules/mongodb-m
emory-server-core/src/MongoMemoryServer.ts:317:5)
      at Object.<anonymous> (tests/setup.js:12:19)

  ΓùÅ Service Routes ΓÇ║ DELETE /api/services/:id ΓÇ║ 
should delete a service as admin

    MD5 check failed! Binary MD5 is 
"96dd562184ffb812ba951589da482cac", Checkfile MD5 is 
"896333eea778fa3f7726df71d1b1e9b7"

    [0m [90m 10 |[39m beforeAll([36masync[39m () 
[33m=>[39m {
     [90m 11 |[39m     [90m// Start in-memory MongoDB 
instance[39m
    [31m[1m>[22m[39m[90m 12 |[39m     mongoServer 
[33m=[39m [36mawait[39m 
[33mMongoMemoryServer[39m[33m.[39mcreate()[33m;[39m
     [90m    |[39m                   
[31m[1m^[22m[39m
     [90m 13 |[39m     [36mconst[39m mongoUri 
[33m=[39m mongoServer[33m.[39mgetUri()[33m;[39m
     [90m 14 |[39m
     [90m 15 |[39m     [90m// Connect to the 
in-memory database[39m[0m

      at MongoBinaryDownload.makeMD5check (node_modules/m
ongodb-memory-server-core/src/util/MongoBinaryDownload.ts
:183:13)
      at MongoBinaryDownload.startDownload (node_modules/
mongodb-memory-server-core/src/util/MongoBinaryDownload.t
s:149:5)
      at MongoBinaryDownload.getMongodPath (node_modules/
mongodb-memory-server-core/src/util/MongoBinaryDownload.t
s:114:28)
      at MongoBinary.download (node_modules/mongodb-memor
y-server-core/src/util/MongoBinary.ts:47:49)
      at MongoBinary.getPath (node_modules/mongodb-memory
-server-core/src/util/MongoBinary.ts:132:22)
      at MongoInstance.start (node_modules/mongodb-memory
-server-core/src/util/MongoInstance.ts:366:22)
      at MongoInstance.create (node_modules/mongodb-memor
y-server-core/src/util/MongoInstance.ts:294:5)
      at MongoMemoryServer._startUpInstance (node_modules
/mongodb-memory-server-core/src/MongoMemoryServer.ts:530:
22)
      at MongoMemoryServer.start (node_modules/mongodb-me
mory-server-core/src/MongoMemoryServer.ts:350:5)
      at MongoMemoryServer.create (node_modules/mongodb-m
emory-server-core/src/MongoMemoryServer.ts:317:5)
      at Object.<anonymous> (tests/setup.js:12:19)

FAIL tests/auth.test.js (8.511 s)
  ΓùÅ Console

    console.log
      ≡ƒöæ API Key Loaded: YES (Starts with AIza)

      at log (src/controllers/aiController.js:11:9)

    console.log
      Γ£¿ AI Model initialized successfully

      at log (src/controllers/aiController.js:22:17)

    console.warn
      Starting the MongoMemoryServer Instance failed, 
enable debug log for more information. Error:
       Md5CheckFailedError: MD5 check failed! Binary MD5 
is "96dd562184ffb812ba951589da482cac", Checkfile MD5 is 
"896333eea778fa3f7726df71d1b1e9b7"
          at MongoBinaryDownload.makeMD5check (C:\Users\h
p\Downloads\BP\backend\node_modules\mongodb-memory-server
-core\src\util\MongoBinaryDownload.ts:183:13)
          at MongoBinaryDownload.startDownload (C:\Users\
hp\Downloads\BP\backend\node_modules\mongodb-memory-serve
r-core\src\util\MongoBinaryDownload.ts:149:5)
          at MongoBinaryDownload.getMongodPath (C:\Users\
hp\Downloads\BP\backend\node_modules\mongodb-memory-serve
r-core\src\util\MongoBinaryDownload.ts:114:28)
          at MongoBinary.download (C:\Users\hp\Downloads\
BP\backend\node_modules\mongodb-memory-server-core\src\ut
il\MongoBinary.ts:47:49)
          at MongoBinary.getPath (C:\Users\hp\Downloads\B
P\backend\node_modules\mongodb-memory-server-core\src\uti
l\MongoBinary.ts:132:22)
          at MongoInstance.start (C:\Users\hp\Downloads\B
P\backend\node_modules\mongodb-memory-server-core\src\uti
l\MongoInstance.ts:366:22)
          at MongoInstance.create (C:\Users\hp\Downloads\
BP\backend\node_modules\mongodb-memory-server-core\src\ut
il\MongoInstance.ts:294:5)
          at MongoMemoryServer._startUpInstance (C:\Users
\hp\Downloads\BP\backend\node_modules\mongodb-memory-serv
er-core\src\MongoMemoryServer.ts:530:22)
          at MongoMemoryServer.start (C:\Users\hp\Downloa
ds\BP\backend\node_modules\mongodb-memory-server-core\src
\MongoMemoryServer.ts:350:5)
          at MongoMemoryServer.create (C:\Users\hp\Downlo
ads\BP\backend\node_modules\mongodb-memory-server-core\sr
c\MongoMemoryServer.ts:317:5)
          at Object.<anonymous> 
(C:\Users\hp\Downloads\BP\backend\tests\setup.js:12:19) {
        binarymd5: '96dd562184ffb812ba951589da482cac',
        checkfilemd5: '896333eea778fa3f7726df71d1b1e9b7'
      }

    [0m [90m 10 |[39m beforeAll([36masync[39m () 
[33m=>[39m {
     [90m 11 |[39m     [90m// Start in-memory MongoDB 
instance[39m
    [31m[1m>[22m[39m[90m 12 |[39m     mongoServer 
[33m=[39m [36mawait[39m 
[33mMongoMemoryServer[39m[33m.[39mcreate()[33m;[39m
     [90m    |[39m                   
[31m[1m^[22m[39m
     [90m 13 |[39m     [36mconst[39m mongoUri 
[33m=[39m mongoServer[33m.[39mgetUri()[33m;[39m
     [90m 14 |[39m
     [90m 15 |[39m     [90m// Connect to the 
in-memory database[39m[0m

      at node_modules/mongodb-memory-server-core/src/Mong
oMemoryServer.ts:359:17
      at MongoMemoryServer.start (node_modules/mongodb-me
mory-server-core/src/MongoMemoryServer.ts:350:5)
      at MongoMemoryServer.create (node_modules/mongodb-m
emory-server-core/src/MongoMemoryServer.ts:317:5)
      at Object.<anonymous> (tests/setup.js:12:19)

  ΓùÅ Auth Routes ΓÇ║ POST /api/users ΓÇ║ should 
register a new user

    MD5 check failed! Binary MD5 is 
"96dd562184ffb812ba951589da482cac", Checkfile MD5 is 
"896333eea778fa3f7726df71d1b1e9b7"

    [0m [90m 10 |[39m beforeAll([36masync[39m () 
[33m=>[39m {
     [90m 11 |[39m     [90m// Start in-memory MongoDB 
instance[39m
    [31m[1m>[22m[39m[90m 12 |[39m     mongoServer 
[33m=[39m [36mawait[39m 
[33mMongoMemoryServer[39m[33m.[39mcreate()[33m;[39m
     [90m    |[39m                   
[31m[1m^[22m[39m
     [90m 13 |[39m     [36mconst[39m mongoUri 
[33m=[39m mongoServer[33m.[39mgetUri()[33m;[39m
     [90m 14 |[39m
     [90m 15 |[39m     [90m// Connect to the 
in-memory database[39m[0m

      at MongoBinaryDownload.makeMD5check (node_modules/m
ongodb-memory-server-core/src/util/MongoBinaryDownload.ts
:183:13)
      at MongoBinaryDownload.startDownload (node_modules/
mongodb-memory-server-core/src/util/MongoBinaryDownload.t
s:149:5)
      at MongoBinaryDownload.getMongodPath (node_modules/
mongodb-memory-server-core/src/util/MongoBinaryDownload.t
s:114:28)
      at MongoBinary.download (node_modules/mongodb-memor
y-server-core/src/util/MongoBinary.ts:47:49)
      at MongoBinary.getPath (node_modules/mongodb-memory
-server-core/src/util/MongoBinary.ts:132:22)
      at MongoInstance.start (node_modules/mongodb-memory
-server-core/src/util/MongoInstance.ts:366:22)
      at MongoInstance.create (node_modules/mongodb-memor
y-server-core/src/util/MongoInstance.ts:294:5)
      at MongoMemoryServer._startUpInstance (node_modules
/mongodb-memory-server-core/src/MongoMemoryServer.ts:530:
22)
      at MongoMemoryServer.start (node_modules/mongodb-me
mory-server-core/src/MongoMemoryServer.ts:350:5)
      at MongoMemoryServer.create (node_modules/mongodb-m
emory-server-core/src/MongoMemoryServer.ts:317:5)
      at Object.<anonymous> (tests/setup.js:12:19)

  ΓùÅ Auth Routes ΓÇ║ POST /api/users ΓÇ║ should not 
register user with duplicate email

    MD5 check failed! Binary MD5 is 
"96dd562184ffb812ba951589da482cac", Checkfile MD5 is 
"896333eea778fa3f7726df71d1b1e9b7"

    [0m [90m 10 |[39m beforeAll([36masync[39m () 
[33m=>[39m {
     [90m 11 |[39m     [90m// Start in-memory MongoDB 
instance[39m
    [31m[1m>[22m[39m[90m 12 |[39m     mongoServer 
[33m=[39m [36mawait[39m 
[33mMongoMemoryServer[39m[33m.[39mcreate()[33m;[39m
     [90m    |[39m                   
[31m[1m^[22m[39m
     [90m 13 |[39m     [36mconst[39m mongoUri 
[33m=[39m mongoServer[33m.[39mgetUri()[33m;[39m
     [90m 14 |[39m
     [90m 15 |[39m     [90m// Connect to the 
in-memory database[39m[0m

      at MongoBinaryDownload.makeMD5check (node_modules/m
ongodb-memory-server-core/src/util/MongoBinaryDownload.ts
:183:13)
      at MongoBinaryDownload.startDownload (node_modules/
mongodb-memory-server-core/src/util/MongoBinaryDownload.t
s:149:5)
      at MongoBinaryDownload.getMongodPath (node_modules/
mongodb-memory-server-core/src/util/MongoBinaryDownload.t
s:114:28)
      at MongoBinary.download (node_modules/mongodb-memor
y-server-core/src/util/MongoBinary.ts:47:49)
      at MongoBinary.getPath (node_modules/mongodb-memory
-server-core/src/util/MongoBinary.ts:132:22)
      at MongoInstance.start (node_modules/mongodb-memory
-server-core/src/util/MongoInstance.ts:366:22)
      at MongoInstance.create (node_modules/mongodb-memor
y-server-core/src/util/MongoInstance.ts:294:5)
      at MongoMemoryServer._startUpInstance (node_modules
/mongodb-memory-server-core/src/MongoMemoryServer.ts:530:
22)
      at MongoMemoryServer.start (node_modules/mongodb-me
mory-server-core/src/MongoMemoryServer.ts:350:5)
      at MongoMemoryServer.create (node_modules/mongodb-m
emory-server-core/src/MongoMemoryServer.ts:317:5)
      at Object.<anonymous> (tests/setup.js:12:19)

  ΓùÅ Auth Routes ΓÇ║ POST /api/users/login ΓÇ║ should 
login with valid credentials

    MD5 check failed! Binary MD5 is 
"96dd562184ffb812ba951589da482cac", Checkfile MD5 is 
"896333eea778fa3f7726df71d1b1e9b7"

    [0m [90m 10 |[39m beforeAll([36masync[39m () 
[33m=>[39m {
     [90m 11 |[39m     [90m// Start in-memory MongoDB 
instance[39m
    [31m[1m>[22m[39m[90m 12 |[39m     mongoServer 
[33m=[39m [36mawait[39m 
[33mMongoMemoryServer[39m[33m.[39mcreate()[33m;[39m
     [90m    |[39m                   
[31m[1m^[22m[39m
     [90m 13 |[39m     [36mconst[39m mongoUri 
[33m=[39m mongoServer[33m.[39mgetUri()[33m;[39m
     [90m 14 |[39m
     [90m 15 |[39m     [90m// Connect to the 
in-memory database[39m[0m

      at MongoBinaryDownload.makeMD5check (node_modules/m
ongodb-memory-server-core/src/util/MongoBinaryDownload.ts
:183:13)
      at MongoBinaryDownload.startDownload (node_modules/
mongodb-memory-server-core/src/util/MongoBinaryDownload.t
s:149:5)
      at MongoBinaryDownload.getMongodPath (node_modules/
mongodb-memory-server-core/src/util/MongoBinaryDownload.t
s:114:28)
      at MongoBinary.download (node_modules/mongodb-memor
y-server-core/src/util/MongoBinary.ts:47:49)
      at MongoBinary.getPath (node_modules/mongodb-memory
-server-core/src/util/MongoBinary.ts:132:22)
      at MongoInstance.start (node_modules/mongodb-memory
-server-core/src/util/MongoInstance.ts:366:22)
      at MongoInstance.create (node_modules/mongodb-memor
y-server-core/src/util/MongoInstance.ts:294:5)
      at MongoMemoryServer._startUpInstance (node_modules
/mongodb-memory-server-core/src/MongoMemoryServer.ts:530:
22)
      at MongoMemoryServer.start (node_modules/mongodb-me
mory-server-core/src/MongoMemoryServer.ts:350:5)
      at MongoMemoryServer.create (node_modules/mongodb-m
emory-server-core/src/MongoMemoryServer.ts:317:5)
      at Object.<anonymous> (tests/setup.js:12:19)

  ΓùÅ Auth Routes ΓÇ║ POST /api/users/login ΓÇ║ should 
fail with invalid credentials

    MD5 check failed! Binary MD5 is 
"96dd562184ffb812ba951589da482cac", Checkfile MD5 is 
"896333eea778fa3f7726df71d1b1e9b7"

    [0m [90m 10 |[39m beforeAll([36masync[39m () 
[33m=>[39m {
     [90m 11 |[39m     [90m// Start in-memory MongoDB 
instance[39m
    [31m[1m>[22m[39m[90m 12 |[39m     mongoServer 
[33m=[39m [36mawait[39m 
[33mMongoMemoryServer[39m[33m.[39mcreate()[33m;[39m
     [90m    |[39m                   
[31m[1m^[22m[39m
     [90m 13 |[39m     [36mconst[39m mongoUri 
[33m=[39m mongoServer[33m.[39mgetUri()[33m;[39m
     [90m 14 |[39m
     [90m 15 |[39m     [90m// Connect to the 
in-memory database[39m[0m

      at MongoBinaryDownload.makeMD5check (node_modules/m
ongodb-memory-server-core/src/util/MongoBinaryDownload.ts
:183:13)
      at MongoBinaryDownload.startDownload (node_modules/
mongodb-memory-server-core/src/util/MongoBinaryDownload.t
s:149:5)
      at MongoBinaryDownload.getMongodPath (node_modules/
mongodb-memory-server-core/src/util/MongoBinaryDownload.t
s:114:28)
      at MongoBinary.download (node_modules/mongodb-memor
y-server-core/src/util/MongoBinary.ts:47:49)
      at MongoBinary.getPath (node_modules/mongodb-memory
-server-core/src/util/MongoBinary.ts:132:22)
      at MongoInstance.start (node_modules/mongodb-memory
-server-core/src/util/MongoInstance.ts:366:22)
      at MongoInstance.create (node_modules/mongodb-memor
y-server-core/src/util/MongoInstance.ts:294:5)
      at MongoMemoryServer._startUpInstance (node_modules
/mongodb-memory-server-core/src/MongoMemoryServer.ts:530:
22)
      at MongoMemoryServer.start (node_modules/mongodb-me
mory-server-core/src/MongoMemoryServer.ts:350:5)
      at MongoMemoryServer.create (node_modules/mongodb-m
emory-server-core/src/MongoMemoryServer.ts:317:5)
      at Object.<anonymous> (tests/setup.js:12:19)

FAIL tests/staff.test.js (15.33 s)
  ΓùÅ Console

    console.log
      ≡ƒöæ API Key Loaded: YES (Starts with AIza)

      at log (src/controllers/aiController.js:11:9)

    console.log
      Γ£¿ AI Model initialized successfully

      at log (src/controllers/aiController.js:22:17)

    console.warn
      Starting the MongoMemoryServer Instance failed, 
enable debug log for more information. Error:
       Md5CheckFailedError: MD5 check failed! Binary MD5 
is "96dd562184ffb812ba951589da482cac", Checkfile MD5 is 
"896333eea778fa3f7726df71d1b1e9b7"
          at MongoBinaryDownload.makeMD5check (C:\Users\h
p\Downloads\BP\backend\node_modules\mongodb-memory-server
-core\src\util\MongoBinaryDownload.ts:183:13)
          at MongoBinaryDownload.startDownload (C:\Users\
hp\Downloads\BP\backend\node_modules\mongodb-memory-serve
r-core\src\util\MongoBinaryDownload.ts:149:5)
          at MongoBinaryDownload.getMongodPath (C:\Users\
hp\Downloads\BP\backend\node_modules\mongodb-memory-serve
r-core\src\util\MongoBinaryDownload.ts:114:28)
          at MongoBinary.download (C:\Users\hp\Downloads\
BP\backend\node_modules\mongodb-memory-server-core\src\ut
il\MongoBinary.ts:47:49)
          at MongoBinary.getPath (C:\Users\hp\Downloads\B
P\backend\node_modules\mongodb-memory-server-core\src\uti
l\MongoBinary.ts:132:22)
          at MongoInstance.start (C:\Users\hp\Downloads\B
P\backend\node_modules\mongodb-memory-server-core\src\uti
l\MongoInstance.ts:366:22)
          at MongoInstance.create (C:\Users\hp\Downloads\
BP\backend\node_modules\mongodb-memory-server-core\src\ut
il\MongoInstance.ts:294:5)
          at MongoMemoryServer._startUpInstance (C:\Users
\hp\Downloads\BP\backend\node_modules\mongodb-memory-serv
er-core\src\MongoMemoryServer.ts:530:22)
          at MongoMemoryServer.start (C:\Users\hp\Downloa
ds\BP\backend\node_modules\mongodb-memory-server-core\src
\MongoMemoryServer.ts:350:5)
          at MongoMemoryServer.create (C:\Users\hp\Downlo
ads\BP\backend\node_modules\mongodb-memory-server-core\sr
c\MongoMemoryServer.ts:317:5)
          at Object.<anonymous> 
(C:\Users\hp\Downloads\BP\backend\tests\setup.js:12:19) {
        binarymd5: '96dd562184ffb812ba951589da482cac',
        checkfilemd5: '896333eea778fa3f7726df71d1b1e9b7'
      }

    [0m [90m 10 |[39m beforeAll([36masync[39m () 
[33m=>[39m {
     [90m 11 |[39m     [90m// Start in-memory MongoDB 
instance[39m
    [31m[1m>[22m[39m[90m 12 |[39m     mongoServer 
[33m=[39m [36mawait[39m 
[33mMongoMemoryServer[39m[33m.[39mcreate()[33m;[39m
     [90m    |[39m                   
[31m[1m^[22m[39m
     [90m 13 |[39m     [36mconst[39m mongoUri 
[33m=[39m mongoServer[33m.[39mgetUri()[33m;[39m
     [90m 14 |[39m
     [90m 15 |[39m     [90m// Connect to the 
in-memory database[39m[0m

      at node_modules/mongodb-memory-server-core/src/Mong
oMemoryServer.ts:359:17
      at MongoMemoryServer.start (node_modules/mongodb-me
mory-server-core/src/MongoMemoryServer.ts:350:5)
      at MongoMemoryServer.create (node_modules/mongodb-m
emory-server-core/src/MongoMemoryServer.ts:317:5)
      at Object.<anonymous> (tests/setup.js:12:19)

  ΓùÅ Staff Routes ΓÇ║ GET /api/staff ΓÇ║ should fetch 
all active staff

    MD5 check failed! Binary MD5 is 
"96dd562184ffb812ba951589da482cac", Checkfile MD5 is 
"896333eea778fa3f7726df71d1b1e9b7"

    [0m [90m 10 |[39m beforeAll([36masync[39m () 
[33m=>[39m {
     [90m 11 |[39m     [90m// Start in-memory MongoDB 
instance[39m
    [31m[1m>[22m[39m[90m 12 |[39m     mongoServer 
[33m=[39m [36mawait[39m 
[33mMongoMemoryServer[39m[33m.[39mcreate()[33m;[39m
     [90m    |[39m                   
[31m[1m^[22m[39m
     [90m 13 |[39m     [36mconst[39m mongoUri 
[33m=[39m mongoServer[33m.[39mgetUri()[33m;[39m
     [90m 14 |[39m
     [90m 15 |[39m     [90m// Connect to the 
in-memory database[39m[0m

      at MongoBinaryDownload.makeMD5check (node_modules/m
ongodb-memory-server-core/src/util/MongoBinaryDownload.ts
:183:13)
      at MongoBinaryDownload.startDownload (node_modules/
mongodb-memory-server-core/src/util/MongoBinaryDownload.t
s:149:5)
      at MongoBinaryDownload.getMongodPath (node_modules/
mongodb-memory-server-core/src/util/MongoBinaryDownload.t
s:114:28)
      at MongoBinary.download (node_modules/mongodb-memor
y-server-core/src/util/MongoBinary.ts:47:49)
      at MongoBinary.getPath (node_modules/mongodb-memory
-server-core/src/util/MongoBinary.ts:132:22)
      at MongoInstance.start (node_modules/mongodb-memory
-server-core/src/util/MongoInstance.ts:366:22)
      at MongoInstance.create (node_modules/mongodb-memor
y-server-core/src/util/MongoInstance.ts:294:5)
      at MongoMemoryServer._startUpInstance (node_modules
/mongodb-memory-server-core/src/MongoMemoryServer.ts:530:
22)
      at MongoMemoryServer.start (node_modules/mongodb-me
mory-server-core/src/MongoMemoryServer.ts:350:5)
      at MongoMemoryServer.create (node_modules/mongodb-m
emory-server-core/src/MongoMemoryServer.ts:317:5)
      at Object.<anonymous> (tests/setup.js:12:19)

  ΓùÅ Staff Routes ΓÇ║ POST /api/staff ΓÇ║ should create 
staff as admin

    MD5 check failed! Binary MD5 is 
"96dd562184ffb812ba951589da482cac", Checkfile MD5 is 
"896333eea778fa3f7726df71d1b1e9b7"

    [0m [90m 10 |[39m beforeAll([36masync[39m () 
[33m=>[39m {
     [90m 11 |[39m     [90m// Start in-memory MongoDB 
instance[39m
    [31m[1m>[22m[39m[90m 12 |[39m     mongoServer 
[33m=[39m [36mawait[39m 
[33mMongoMemoryServer[39m[33m.[39mcreate()[33m;[39m
     [90m    |[39m                   
[31m[1m^[22m[39m
     [90m 13 |[39m     [36mconst[39m mongoUri 
[33m=[39m mongoServer[33m.[39mgetUri()[33m;[39m
     [90m 14 |[39m
     [90m 15 |[39m     [90m// Connect to the 
in-memory database[39m[0m

      at MongoBinaryDownload.makeMD5check (node_modules/m
ongodb-memory-server-core/src/util/MongoBinaryDownload.ts
:183:13)
      at MongoBinaryDownload.startDownload (node_modules/
mongodb-memory-server-core/src/util/MongoBinaryDownload.t
s:149:5)
      at MongoBinaryDownload.getMongodPath (node_modules/
mongodb-memory-server-core/src/util/MongoBinaryDownload.t
s:114:28)
      at MongoBinary.download (node_modules/mongodb-memor
y-server-core/src/util/MongoBinary.ts:47:49)
      at MongoBinary.getPath (node_modules/mongodb-memory
-server-core/src/util/MongoBinary.ts:132:22)
      at MongoInstance.start (node_modules/mongodb-memory
-server-core/src/util/MongoInstance.ts:366:22)
      at MongoInstance.create (node_modules/mongodb-memor
y-server-core/src/util/MongoInstance.ts:294:5)
      at MongoMemoryServer._startUpInstance (node_modules
/mongodb-memory-server-core/src/MongoMemoryServer.ts:530:
22)
      at MongoMemoryServer.start (node_modules/mongodb-me
mory-server-core/src/MongoMemoryServer.ts:350:5)
      at MongoMemoryServer.create (node_modules/mongodb-m
emory-server-core/src/MongoMemoryServer.ts:317:5)
      at Object.<anonymous> (tests/setup.js:12:19)

  ΓùÅ Staff Routes ΓÇ║ POST /api/staff ΓÇ║ should fail 
without auth token

    MD5 check failed! Binary MD5 is 
"96dd562184ffb812ba951589da482cac", Checkfile MD5 is 
"896333eea778fa3f7726df71d1b1e9b7"

    [0m [90m 10 |[39m beforeAll([36masync[39m () 
[33m=>[39m {
     [90m 11 |[39m     [90m// Start in-memory MongoDB 
instance[39m
    [31m[1m>[22m[39m[90m 12 |[39m     mongoServer 
[33m=[39m [36mawait[39m 
[33mMongoMemoryServer[39m[33m.[39mcreate()[33m;[39m
     [90m    |[39m                   
[31m[1m^[22m[39m
     [90m 13 |[39m     [36mconst[39m mongoUri 
[33m=[39m mongoServer[33m.[39mgetUri()[33m;[39m
     [90m 14 |[39m
     [90m 15 |[39m     [90m// Connect to the 
in-memory database[39m[0m

      at MongoBinaryDownload.makeMD5check (node_modules/m
ongodb-memory-server-core/src/util/MongoBinaryDownload.ts
:183:13)
      at MongoBinaryDownload.startDownload (node_modules/
mongodb-memory-server-core/src/util/MongoBinaryDownload.t
s:149:5)
      at MongoBinaryDownload.getMongodPath (node_modules/
mongodb-memory-server-core/src/util/MongoBinaryDownload.t
s:114:28)
      at MongoBinary.download (node_modules/mongodb-memor
y-server-core/src/util/MongoBinary.ts:47:49)
      at MongoBinary.getPath (node_modules/mongodb-memory
-server-core/src/util/MongoBinary.ts:132:22)
      at MongoInstance.start (node_modules/mongodb-memory
-server-core/src/util/MongoInstance.ts:366:22)
      at MongoInstance.create (node_modules/mongodb-memor
y-server-core/src/util/MongoInstance.ts:294:5)
      at MongoMemoryServer._startUpInstance (node_modules
/mongodb-memory-server-core/src/MongoMemoryServer.ts:530:
22)
      at MongoMemoryServer.start (node_modules/mongodb-me
mory-server-core/src/MongoMemoryServer.ts:350:5)
      at MongoMemoryServer.create (node_modules/mongodb-m
emory-server-core/src/MongoMemoryServer.ts:317:5)
      at Object.<anonymous> (tests/setup.js:12:19)

  ΓùÅ Staff Routes ΓÇ║ PUT /api/staff/:id ΓÇ║ should 
update staff as admin

    MD5 check failed! Binary MD5 is 
"96dd562184ffb812ba951589da482cac", Checkfile MD5 is 
"896333eea778fa3f7726df71d1b1e9b7"

    [0m [90m 10 |[39m beforeAll([36masync[39m () 
[33m=>[39m {
     [90m 11 |[39m     [90m// Start in-memory MongoDB 
instance[39m
    [31m[1m>[22m[39m[90m 12 |[39m     mongoServer 
[33m=[39m [36mawait[39m 
[33mMongoMemoryServer[39m[33m.[39mcreate()[33m;[39m
     [90m    |[39m                   
[31m[1m^[22m[39m
     [90m 13 |[39m     [36mconst[39m mongoUri 
[33m=[39m mongoServer[33m.[39mgetUri()[33m;[39m
     [90m 14 |[39m
     [90m 15 |[39m     [90m// Connect to the 
in-memory database[39m[0m

      at MongoBinaryDownload.makeMD5check (node_modules/m
ongodb-memory-server-core/src/util/MongoBinaryDownload.ts
:183:13)
      at MongoBinaryDownload.startDownload (node_modules/
mongodb-memory-server-core/src/util/MongoBinaryDownload.t
s:149:5)
      at MongoBinaryDownload.getMongodPath (node_modules/
mongodb-memory-server-core/src/util/MongoBinaryDownload.t
s:114:28)
      at MongoBinary.download (node_modules/mongodb-memor
y-server-core/src/util/MongoBinary.ts:47:49)
      at MongoBinary.getPath (node_modules/mongodb-memory
-server-core/src/util/MongoBinary.ts:132:22)
      at MongoInstance.start (node_modules/mongodb-memory
-server-core/src/util/MongoInstance.ts:366:22)
      at MongoInstance.create (node_modules/mongodb-memor
y-server-core/src/util/MongoInstance.ts:294:5)
      at MongoMemoryServer._startUpInstance (node_modules
/mongodb-memory-server-core/src/MongoMemoryServer.ts:530:
22)
      at MongoMemoryServer.start (node_modules/mongodb-me
mory-server-core/src/MongoMemoryServer.ts:350:5)
      at MongoMemoryServer.create (node_modules/mongodb-m
emory-server-core/src/MongoMemoryServer.ts:317:5)
      at Object.<anonymous> (tests/setup.js:12:19)

  ΓùÅ Staff Routes ΓÇ║ DELETE /api/staff/:id ΓÇ║ should 
delete staff as admin

    MD5 check failed! Binary MD5 is 
"96dd562184ffb812ba951589da482cac", Checkfile MD5 is 
"896333eea778fa3f7726df71d1b1e9b7"

    [0m [90m 10 |[39m beforeAll([36masync[39m () 
[33m=>[39m {
     [90m 11 |[39m     [90m// Start in-memory MongoDB 
instance[39m
    [31m[1m>[22m[39m[90m 12 |[39m     mongoServer 
[33m=[39m [36mawait[39m 
[33mMongoMemoryServer[39m[33m.[39mcreate()[33m;[39m
     [90m    |[39m                   
[31m[1m^[22m[39m
     [90m 13 |[39m     [36mconst[39m mongoUri 
[33m=[39m mongoServer[33m.[39mgetUri()[33m;[39m
     [90m 14 |[39m
     [90m 15 |[39m     [90m// Connect to the 
in-memory database[39m[0m

      at MongoBinaryDownload.makeMD5check (node_modules/m
ongodb-memory-server-core/src/util/MongoBinaryDownload.ts
:183:13)
      at MongoBinaryDownload.startDownload (node_modules/
mongodb-memory-server-core/src/util/MongoBinaryDownload.t
s:149:5)
      at MongoBinaryDownload.getMongodPath (node_modules/
mongodb-memory-server-core/src/util/MongoBinaryDownload.t
s:114:28)
      at MongoBinary.download (node_modules/mongodb-memor
y-server-core/src/util/MongoBinary.ts:47:49)
      at MongoBinary.getPath (node_modules/mongodb-memory
-server-core/src/util/MongoBinary.ts:132:22)
      at MongoInstance.start (node_modules/mongodb-memory
-server-core/src/util/MongoInstance.ts:366:22)
      at MongoInstance.create (node_modules/mongodb-memor
y-server-core/src/util/MongoInstance.ts:294:5)
      at MongoMemoryServer._startUpInstance (node_modules
/mongodb-memory-server-core/src/MongoMemoryServer.ts:530:
22)
      at MongoMemoryServer.start (node_modules/mongodb-me
mory-server-core/src/MongoMemoryServer.ts:350:5)
      at MongoMemoryServer.create (node_modules/mongodb-m
emory-server-core/src/MongoMemoryServer.ts:317:5)
      at Object.<anonymous> (tests/setup.js:12:19)

FAIL tests/testimonials.test.js (18.773 s)
  ΓùÅ Console

    console.log
      ≡ƒöæ API Key Loaded: YES (Starts with AIza)

      at log (src/controllers/aiController.js:11:9)

    console.log
      Γ£¿ AI Model initialized successfully

      at log (src/controllers/aiController.js:22:17)

    console.warn
      Starting the MongoMemoryServer Instance failed, 
enable debug log for more information. Error:
       Md5CheckFailedError: MD5 check failed! Binary MD5 
is "96dd562184ffb812ba951589da482cac", Checkfile MD5 is 
"896333eea778fa3f7726df71d1b1e9b7"
          at MongoBinaryDownload.makeMD5check (C:\Users\h
p\Downloads\BP\backend\node_modules\mongodb-memory-server
-core\src\util\MongoBinaryDownload.ts:183:13)
          at MongoBinaryDownload.startDownload (C:\Users\
hp\Downloads\BP\backend\node_modules\mongodb-memory-serve
r-core\src\util\MongoBinaryDownload.ts:149:5)
          at MongoBinaryDownload.getMongodPath (C:\Users\
hp\Downloads\BP\backend\node_modules\mongodb-memory-serve
r-core\src\util\MongoBinaryDownload.ts:114:28)
          at MongoBinary.download (C:\Users\hp\Downloads\
BP\backend\node_modules\mongodb-memory-server-core\src\ut
il\MongoBinary.ts:47:49)
          at MongoBinary.getPath (C:\Users\hp\Downloads\B
P\backend\node_modules\mongodb-memory-server-core\src\uti
l\MongoBinary.ts:132:22)
          at MongoInstance.start (C:\Users\hp\Downloads\B
P\backend\node_modules\mongodb-memory-server-core\src\uti
l\MongoInstance.ts:366:22)
          at MongoInstance.create (C:\Users\hp\Downloads\
BP\backend\node_modules\mongodb-memory-server-core\src\ut
il\MongoInstance.ts:294:5)
          at MongoMemoryServer._startUpInstance (C:\Users
\hp\Downloads\BP\backend\node_modules\mongodb-memory-serv
er-core\src\MongoMemoryServer.ts:530:22)
          at MongoMemoryServer.start (C:\Users\hp\Downloa
ds\BP\backend\node_modules\mongodb-memory-server-core\src
\MongoMemoryServer.ts:350:5)
          at MongoMemoryServer.create (C:\Users\hp\Downlo
ads\BP\backend\node_modules\mongodb-memory-server-core\sr
c\MongoMemoryServer.ts:317:5)
          at Object.<anonymous> 
(C:\Users\hp\Downloads\BP\backend\tests\setup.js:12:19) {
        binarymd5: '96dd562184ffb812ba951589da482cac',
        checkfilemd5: '896333eea778fa3f7726df71d1b1e9b7'
      }

    [0m [90m 10 |[39m beforeAll([36masync[39m () 
[33m=>[39m {
     [90m 11 |[39m     [90m// Start in-memory MongoDB 
instance[39m
    [31m[1m>[22m[39m[90m 12 |[39m     mongoServer 
[33m=[39m [36mawait[39m 
[33mMongoMemoryServer[39m[33m.[39mcreate()[33m;[39m
     [90m    |[39m                   
[31m[1m^[22m[39m
     [90m 13 |[39m     [36mconst[39m mongoUri 
[33m=[39m mongoServer[33m.[39mgetUri()[33m;[39m
     [90m 14 |[39m
     [90m 15 |[39m     [90m// Connect to the 
in-memory database[39m[0m

      at node_modules/mongodb-memory-server-core/src/Mong
oMemoryServer.ts:359:17
      at MongoMemoryServer.start (node_modules/mongodb-me
mory-server-core/src/MongoMemoryServer.ts:350:5)
      at MongoMemoryServer.create (node_modules/mongodb-m
emory-server-core/src/MongoMemoryServer.ts:317:5)
      at Object.<anonymous> (tests/setup.js:12:19)

  ΓùÅ Testimonial Routes ΓÇ║ GET /api/testimonials ΓÇ║ 
should fetch approved testimonials

    MD5 check failed! Binary MD5 is 
"96dd562184ffb812ba951589da482cac", Checkfile MD5 is 
"896333eea778fa3f7726df71d1b1e9b7"

    [0m [90m 10 |[39m beforeAll([36masync[39m () 
[33m=>[39m {
     [90m 11 |[39m     [90m// Start in-memory MongoDB 
instance[39m
    [31m[1m>[22m[39m[90m 12 |[39m     mongoServer 
[33m=[39m [36mawait[39m 
[33mMongoMemoryServer[39m[33m.[39mcreate()[33m;[39m
     [90m    |[39m                   
[31m[1m^[22m[39m
     [90m 13 |[39m     [36mconst[39m mongoUri 
[33m=[39m mongoServer[33m.[39mgetUri()[33m;[39m
     [90m 14 |[39m
     [90m 15 |[39m     [90m// Connect to the 
in-memory database[39m[0m

      at MongoBinaryDownload.makeMD5check (node_modules/m
ongodb-memory-server-core/src/util/MongoBinaryDownload.ts
:183:13)
      at MongoBinaryDownload.startDownload (node_modules/
mongodb-memory-server-core/src/util/MongoBinaryDownload.t
s:149:5)
      at MongoBinaryDownload.getMongodPath (node_modules/
mongodb-memory-server-core/src/util/MongoBinaryDownload.t
s:114:28)
      at MongoBinary.download (node_modules/mongodb-memor
y-server-core/src/util/MongoBinary.ts:47:49)
      at MongoBinary.getPath (node_modules/mongodb-memory
-server-core/src/util/MongoBinary.ts:132:22)
      at MongoInstance.start (node_modules/mongodb-memory
-server-core/src/util/MongoInstance.ts:366:22)
      at MongoInstance.create (node_modules/mongodb-memor
y-server-core/src/util/MongoInstance.ts:294:5)
      at MongoMemoryServer._startUpInstance (node_modules
/mongodb-memory-server-core/src/MongoMemoryServer.ts:530:
22)
      at MongoMemoryServer.start (node_modules/mongodb-me
mory-server-core/src/MongoMemoryServer.ts:350:5)
      at MongoMemoryServer.create (node_modules/mongodb-m
emory-server-core/src/MongoMemoryServer.ts:317:5)
      at Object.<anonymous> (tests/setup.js:12:19)

  ΓùÅ Testimonial Routes ΓÇ║ POST /api/testimonials ΓÇ║ 
should submit a testimonial (public)

    MD5 check failed! Binary MD5 is 
"96dd562184ffb812ba951589da482cac", Checkfile MD5 is 
"896333eea778fa3f7726df71d1b1e9b7"

    [0m [90m 10 |[39m beforeAll([36masync[39m () 
[33m=>[39m {
     [90m 11 |[39m     [90m// Start in-memory MongoDB 
instance[39m
    [31m[1m>[22m[39m[90m 12 |[39m     mongoServer 
[33m=[39m [36mawait[39m 
[33mMongoMemoryServer[39m[33m.[39mcreate()[33m;[39m
     [90m    |[39m                   
[31m[1m^[22m[39m
     [90m 13 |[39m     [36mconst[39m mongoUri 
[33m=[39m mongoServer[33m.[39mgetUri()[33m;[39m
     [90m 14 |[39m
     [90m 15 |[39m     [90m// Connect to the 
in-memory database[39m[0m

      at MongoBinaryDownload.makeMD5check (node_modules/m
ongodb-memory-server-core/src/util/MongoBinaryDownload.ts
:183:13)
      at MongoBinaryDownload.startDownload (node_modules/
mongodb-memory-server-core/src/util/MongoBinaryDownload.t
s:149:5)
      at MongoBinaryDownload.getMongodPath (node_modules/
mongodb-memory-server-core/src/util/MongoBinaryDownload.t
s:114:28)
      at MongoBinary.download (node_modules/mongodb-memor
y-server-core/src/util/MongoBinary.ts:47:49)
      at MongoBinary.getPath (node_modules/mongodb-memory
-server-core/src/util/MongoBinary.ts:132:22)
      at MongoInstance.start (node_modules/mongodb-memory
-server-core/src/util/MongoInstance.ts:366:22)
      at MongoInstance.create (node_modules/mongodb-memor
y-server-core/src/util/MongoInstance.ts:294:5)
      at MongoMemoryServer._startUpInstance (node_modules
/mongodb-memory-server-core/src/MongoMemoryServer.ts:530:
22)
      at MongoMemoryServer.start (node_modules/mongodb-me
mory-server-core/src/MongoMemoryServer.ts:350:5)
      at MongoMemoryServer.create (node_modules/mongodb-m
emory-server-core/src/MongoMemoryServer.ts:317:5)
      at Object.<anonymous> (tests/setup.js:12:19)

  ΓùÅ Testimonial Routes ΓÇ║ PUT /api/testimonials/:id 
ΓÇ║ should update testimonial (approve) as admin

    MD5 check failed! Binary MD5 is 
"96dd562184ffb812ba951589da482cac", Checkfile MD5 is 
"896333eea778fa3f7726df71d1b1e9b7"

    [0m [90m 10 |[39m beforeAll([36masync[39m () 
[33m=>[39m {
     [90m 11 |[39m     [90m// Start in-memory MongoDB 
instance[39m
    [31m[1m>[22m[39m[90m 12 |[39m     mongoServer 
[33m=[39m [36mawait[39m 
[33mMongoMemoryServer[39m[33m.[39mcreate()[33m;[39m
     [90m    |[39m                   
[31m[1m^[22m[39m
     [90m 13 |[39m     [36mconst[39m mongoUri 
[33m=[39m mongoServer[33m.[39mgetUri()[33m;[39m
     [90m 14 |[39m
     [90m 15 |[39m     [90m// Connect to the 
in-memory database[39m[0m

      at MongoBinaryDownload.makeMD5check (node_modules/m
ongodb-memory-server-core/src/util/MongoBinaryDownload.ts
:183:13)
      at MongoBinaryDownload.startDownload (node_modules/
mongodb-memory-server-core/src/util/MongoBinaryDownload.t
s:149:5)
      at MongoBinaryDownload.getMongodPath (node_modules/
mongodb-memory-server-core/src/util/MongoBinaryDownload.t
s:114:28)
      at MongoBinary.download (node_modules/mongodb-memor
y-server-core/src/util/MongoBinary.ts:47:49)
      at MongoBinary.getPath (node_modules/mongodb-memory
-server-core/src/util/MongoBinary.ts:132:22)
      at MongoInstance.start (node_modules/mongodb-memory
-server-core/src/util/MongoInstance.ts:366:22)
      at MongoInstance.create (node_modules/mongodb-memor
y-server-core/src/util/MongoInstance.ts:294:5)
      at MongoMemoryServer._startUpInstance (node_modules
/mongodb-memory-server-core/src/MongoMemoryServer.ts:530:
22)
      at MongoMemoryServer.start (node_modules/mongodb-me
mory-server-core/src/MongoMemoryServer.ts:350:5)
      at MongoMemoryServer.create (node_modules/mongodb-m
emory-server-core/src/MongoMemoryServer.ts:317:5)
      at Object.<anonymous> (tests/setup.js:12:19)

  ΓùÅ Testimonial Routes ΓÇ║ DELETE 
/api/testimonials/:id ΓÇ║ should delete testimonial as 
admin

    MD5 check failed! Binary MD5 is 
"96dd562184ffb812ba951589da482cac", Checkfile MD5 is 
"896333eea778fa3f7726df71d1b1e9b7"

    [0m [90m 10 |[39m beforeAll([36masync[39m () 
[33m=>[39m {
     [90m 11 |[39m     [90m// Start in-memory MongoDB 
instance[39m
    [31m[1m>[22m[39m[90m 12 |[39m     mongoServer 
[33m=[39m [36mawait[39m 
[33mMongoMemoryServer[39m[33m.[39mcreate()[33m;[39m
     [90m    |[39m                   
[31m[1m^[22m[39m
     [90m 13 |[39m     [36mconst[39m mongoUri 
[33m=[39m mongoServer[33m.[39mgetUri()[33m;[39m
     [90m 14 |[39m
     [90m 15 |[39m     [90m// Connect to the 
in-memory database[39m[0m

      at MongoBinaryDownload.makeMD5check (node_modules/m
ongodb-memory-server-core/src/util/MongoBinaryDownload.ts
:183:13)
      at MongoBinaryDownload.startDownload (node_modules/
mongodb-memory-server-core/src/util/MongoBinaryDownload.t
s:149:5)
      at MongoBinaryDownload.getMongodPath (node_modules/
mongodb-memory-server-core/src/util/MongoBinaryDownload.t
s:114:28)
      at MongoBinary.download (node_modules/mongodb-memor
y-server-core/src/util/MongoBinary.ts:47:49)
      at MongoBinary.getPath (node_modules/mongodb-memory
-server-core/src/util/MongoBinary.ts:132:22)
      at MongoInstance.start (node_modules/mongodb-memory
-server-core/src/util/MongoInstance.ts:366:22)
      at MongoInstance.create (node_modules/mongodb-memor
y-server-core/src/util/MongoInstance.ts:294:5)
      at MongoMemoryServer._startUpInstance (node_modules
/mongodb-memory-server-core/src/MongoMemoryServer.ts:530:
22)
      at MongoMemoryServer.start (node_modules/mongodb-me
mory-server-core/src/MongoMemoryServer.ts:350:5)
      at MongoMemoryServer.create (node_modules/mongodb-m
emory-server-core/src/MongoMemoryServer.ts:317:5)
      at Object.<anonymous> (tests/setup.js:12:19)

FAIL tests/gallery.test.js (13.399 s)
  ΓùÅ Console

    console.log
      ≡ƒöæ API Key Loaded: YES (Starts with AIza)

      at log (src/controllers/aiController.js:11:9)

    console.log
      Γ£¿ AI Model initialized successfully

      at log (src/controllers/aiController.js:22:17)

    console.warn
      Starting the MongoMemoryServer Instance failed, 
enable debug log for more information. Error:
       Md5CheckFailedError: MD5 check failed! Binary MD5 
is "96dd562184ffb812ba951589da482cac", Checkfile MD5 is 
"896333eea778fa3f7726df71d1b1e9b7"
          at MongoBinaryDownload.makeMD5check (C:\Users\h
p\Downloads\BP\backend\node_modules\mongodb-memory-server
-core\src\util\MongoBinaryDownload.ts:183:13)
          at MongoBinaryDownload.startDownload (C:\Users\
hp\Downloads\BP\backend\node_modules\mongodb-memory-serve
r-core\src\util\MongoBinaryDownload.ts:149:5)
          at MongoBinaryDownload.getMongodPath (C:\Users\
hp\Downloads\BP\backend\node_modules\mongodb-memory-serve
r-core\src\util\MongoBinaryDownload.ts:114:28)
          at MongoBinary.download (C:\Users\hp\Downloads\
BP\backend\node_modules\mongodb-memory-server-core\src\ut
il\MongoBinary.ts:47:49)
          at MongoBinary.getPath (C:\Users\hp\Downloads\B
P\backend\node_modules\mongodb-memory-server-core\src\uti
l\MongoBinary.ts:132:22)
          at MongoInstance.start (C:\Users\hp\Downloads\B
P\backend\node_modules\mongodb-memory-server-core\src\uti
l\MongoInstance.ts:366:22)
          at MongoInstance.create (C:\Users\hp\Downloads\
BP\backend\node_modules\mongodb-memory-server-core\src\ut
il\MongoInstance.ts:294:5)
          at MongoMemoryServer._startUpInstance (C:\Users
\hp\Downloads\BP\backend\node_modules\mongodb-memory-serv
er-core\src\MongoMemoryServer.ts:530:22)
          at MongoMemoryServer.start (C:\Users\hp\Downloa
ds\BP\backend\node_modules\mongodb-memory-server-core\src
\MongoMemoryServer.ts:350:5)
          at MongoMemoryServer.create (C:\Users\hp\Downlo
ads\BP\backend\node_modules\mongodb-memory-server-core\sr
c\MongoMemoryServer.ts:317:5)
          at Object.<anonymous> 
(C:\Users\hp\Downloads\BP\backend\tests\setup.js:12:19) {
        binarymd5: '96dd562184ffb812ba951589da482cac',
        checkfilemd5: '896333eea778fa3f7726df71d1b1e9b7'
      }

    [0m [90m 10 |[39m beforeAll([36masync[39m () 
[33m=>[39m {
     [90m 11 |[39m     [90m// Start in-memory MongoDB 
instance[39m
    [31m[1m>[22m[39m[90m 12 |[39m     mongoServer 
[33m=[39m [36mawait[39m 
[33mMongoMemoryServer[39m[33m.[39mcreate()[33m;[39m
     [90m    |[39m                   
[31m[1m^[22m[39m
     [90m 13 |[39m     [36mconst[39m mongoUri 
[33m=[39m mongoServer[33m.[39mgetUri()[33m;[39m
     [90m 14 |[39m
     [90m 15 |[39m     [90m// Connect to the 
in-memory database[39m[0m

      at node_modules/mongodb-memory-server-core/src/Mong
oMemoryServer.ts:359:17
      at MongoMemoryServer.start (node_modules/mongodb-me
mory-server-core/src/MongoMemoryServer.ts:350:5)
      at MongoMemoryServer.create (node_modules/mongodb-m
emory-server-core/src/MongoMemoryServer.ts:317:5)
      at Object.<anonymous> (tests/setup.js:12:19)

  ΓùÅ Gallery Routes ΓÇ║ GET /api/gallery ΓÇ║ should 
fetch all gallery images

    MD5 check failed! Binary MD5 is 
"96dd562184ffb812ba951589da482cac", Checkfile MD5 is 
"896333eea778fa3f7726df71d1b1e9b7"

    [0m [90m 10 |[39m beforeAll([36masync[39m () 
[33m=>[39m {
     [90m 11 |[39m     [90m// Start in-memory MongoDB 
instance[39m
    [31m[1m>[22m[39m[90m 12 |[39m     mongoServer 
[33m=[39m [36mawait[39m 
[33mMongoMemoryServer[39m[33m.[39mcreate()[33m;[39m
     [90m    |[39m                   
[31m[1m^[22m[39m
     [90m 13 |[39m     [36mconst[39m mongoUri 
[33m=[39m mongoServer[33m.[39mgetUri()[33m;[39m
     [90m 14 |[39m
     [90m 15 |[39m     [90m// Connect to the 
in-memory database[39m[0m

      at MongoBinaryDownload.makeMD5check (node_modules/m
ongodb-memory-server-core/src/util/MongoBinaryDownload.ts
:183:13)
      at MongoBinaryDownload.startDownload (node_modules/
mongodb-memory-server-core/src/util/MongoBinaryDownload.t
s:149:5)
      at MongoBinaryDownload.getMongodPath (node_modules/
mongodb-memory-server-core/src/util/MongoBinaryDownload.t
s:114:28)
      at MongoBinary.download (node_modules/mongodb-memor
y-server-core/src/util/MongoBinary.ts:47:49)
      at MongoBinary.getPath (node_modules/mongodb-memory
-server-core/src/util/MongoBinary.ts:132:22)
      at MongoInstance.start (node_modules/mongodb-memory
-server-core/src/util/MongoInstance.ts:366:22)
      at MongoInstance.create (node_modules/mongodb-memor
y-server-core/src/util/MongoInstance.ts:294:5)
      at MongoMemoryServer._startUpInstance (node_modules
/mongodb-memory-server-core/src/MongoMemoryServer.ts:530:
22)
      at MongoMemoryServer.start (node_modules/mongodb-me
mory-server-core/src/MongoMemoryServer.ts:350:5)
      at MongoMemoryServer.create (node_modules/mongodb-m
emory-server-core/src/MongoMemoryServer.ts:317:5)
      at Object.<anonymous> (tests/setup.js:12:19)

  ΓùÅ Gallery Routes ΓÇ║ POST /api/gallery ΓÇ║ should 
add image as admin

    MD5 check failed! Binary MD5 is 
"96dd562184ffb812ba951589da482cac", Checkfile MD5 is 
"896333eea778fa3f7726df71d1b1e9b7"

    [0m [90m 10 |[39m beforeAll([36masync[39m () 
[33m=>[39m {
     [90m 11 |[39m     [90m// Start in-memory MongoDB 
instance[39m
    [31m[1m>[22m[39m[90m 12 |[39m     mongoServer 
[33m=[39m [36mawait[39m 
[33mMongoMemoryServer[39m[33m.[39mcreate()[33m;[39m
     [90m    |[39m                   
[31m[1m^[22m[39m
     [90m 13 |[39m     [36mconst[39m mongoUri 
[33m=[39m mongoServer[33m.[39mgetUri()[33m;[39m
     [90m 14 |[39m
     [90m 15 |[39m     [90m// Connect to the 
in-memory database[39m[0m

      at MongoBinaryDownload.makeMD5check (node_modules/m
ongodb-memory-server-core/src/util/MongoBinaryDownload.ts
:183:13)
      at MongoBinaryDownload.startDownload (node_modules/
mongodb-memory-server-core/src/util/MongoBinaryDownload.t
s:149:5)
      at MongoBinaryDownload.getMongodPath (node_modules/
mongodb-memory-server-core/src/util/MongoBinaryDownload.t
s:114:28)
      at MongoBinary.download (node_modules/mongodb-memor
y-server-core/src/util/MongoBinary.ts:47:49)
      at MongoBinary.getPath (node_modules/mongodb-memory
-server-core/src/util/MongoBinary.ts:132:22)
      at MongoInstance.start (node_modules/mongodb-memory
-server-core/src/util/MongoInstance.ts:366:22)
      at MongoInstance.create (node_modules/mongodb-memor
y-server-core/src/util/MongoInstance.ts:294:5)
      at MongoMemoryServer._startUpInstance (node_modules
/mongodb-memory-server-core/src/MongoMemoryServer.ts:530:
22)
      at MongoMemoryServer.start (node_modules/mongodb-me
mory-server-core/src/MongoMemoryServer.ts:350:5)
      at MongoMemoryServer.create (node_modules/mongodb-m
emory-server-core/src/MongoMemoryServer.ts:317:5)
      at Object.<anonymous> (tests/setup.js:12:19)

  ΓùÅ Gallery Routes ΓÇ║ POST /api/gallery ΓÇ║ should 
fail without auth token

    MD5 check failed! Binary MD5 is 
"96dd562184ffb812ba951589da482cac", Checkfile MD5 is 
"896333eea778fa3f7726df71d1b1e9b7"

    [0m [90m 10 |[39m beforeAll([36masync[39m () 
[33m=>[39m {
     [90m 11 |[39m     [90m// Start in-memory MongoDB 
instance[39m
    [31m[1m>[22m[39m[90m 12 |[39m     mongoServer 
[33m=[39m [36mawait[39m 
[33mMongoMemoryServer[39m[33m.[39mcreate()[33m;[39m
     [90m    |[39m                   
[31m[1m^[22m[39m
     [90m 13 |[39m     [36mconst[39m mongoUri 
[33m=[39m mongoServer[33m.[39mgetUri()[33m;[39m
     [90m 14 |[39m
     [90m 15 |[39m     [90m// Connect to the 
in-memory database[39m[0m

      at MongoBinaryDownload.makeMD5check (node_modules/m
ongodb-memory-server-core/src/util/MongoBinaryDownload.ts
:183:13)
      at MongoBinaryDownload.startDownload (node_modules/
mongodb-memory-server-core/src/util/MongoBinaryDownload.t
s:149:5)
      at MongoBinaryDownload.getMongodPath (node_modules/
mongodb-memory-server-core/src/util/MongoBinaryDownload.t
s:114:28)
      at MongoBinary.download (node_modules/mongodb-memor
y-server-core/src/util/MongoBinary.ts:47:49)
      at MongoBinary.getPath (node_modules/mongodb-memory
-server-core/src/util/MongoBinary.ts:132:22)
      at MongoInstance.start (node_modules/mongodb-memory
-server-core/src/util/MongoInstance.ts:366:22)
      at MongoInstance.create (node_modules/mongodb-memor
y-server-core/src/util/MongoInstance.ts:294:5)
      at MongoMemoryServer._startUpInstance (node_modules
/mongodb-memory-server-core/src/MongoMemoryServer.ts:530:
22)
      at MongoMemoryServer.start (node_modules/mongodb-me
mory-server-core/src/MongoMemoryServer.ts:350:5)
      at MongoMemoryServer.create (node_modules/mongodb-m
emory-server-core/src/MongoMemoryServer.ts:317:5)
      at Object.<anonymous> (tests/setup.js:12:19)

  ΓùÅ Gallery Routes ΓÇ║ DELETE /api/gallery/:id ΓÇ║ 
should delete image as admin

    MD5 check failed! Binary MD5 is 
"96dd562184ffb812ba951589da482cac", Checkfile MD5 is 
"896333eea778fa3f7726df71d1b1e9b7"

    [0m [90m 10 |[39m beforeAll([36masync[39m () 
[33m=>[39m {
     [90m 11 |[39m     [90m// Start in-memory MongoDB 
instance[39m
    [31m[1m>[22m[39m[90m 12 |[39m     mongoServer 
[33m=[39m [36mawait[39m 
[33mMongoMemoryServer[39m[33m.[39mcreate()[33m;[39m
     [90m    |[39m                   
[31m[1m^[22m[39m
     [90m 13 |[39m     [36mconst[39m mongoUri 
[33m=[39m mongoServer[33m.[39mgetUri()[33m;[39m
     [90m 14 |[39m
     [90m 15 |[39m     [90m// Connect to the 
in-memory database[39m[0m

      at MongoBinaryDownload.makeMD5check (node_modules/m
ongodb-memory-server-core/src/util/MongoBinaryDownload.ts
:183:13)
      at MongoBinaryDownload.startDownload (node_modules/
mongodb-memory-server-core/src/util/MongoBinaryDownload.t
s:149:5)
      at MongoBinaryDownload.getMongodPath (node_modules/
mongodb-memory-server-core/src/util/MongoBinaryDownload.t
s:114:28)
      at MongoBinary.download (node_modules/mongodb-memor
y-server-core/src/util/MongoBinary.ts:47:49)
      at MongoBinary.getPath (node_modules/mongodb-memory
-server-core/src/util/MongoBinary.ts:132:22)
      at MongoInstance.start (node_modules/mongodb-memory
-server-core/src/util/MongoInstance.ts:366:22)
      at MongoInstance.create (node_modules/mongodb-memor
y-server-core/src/util/MongoInstance.ts:294:5)
      at MongoMemoryServer._startUpInstance (node_modules
/mongodb-memory-server-core/src/MongoMemoryServer.ts:530:
22)
      at MongoMemoryServer.start (node_modules/mongodb-me
mory-server-core/src/MongoMemoryServer.ts:350:5)
      at MongoMemoryServer.create (node_modules/mongodb-m
emory-server-core/src/MongoMemoryServer.ts:317:5)
      at Object.<anonymous> (tests/setup.js:12:19)

FAIL tests/health.test.js (10.228 s)
  ΓùÅ Console

    console.warn
      Starting the MongoMemoryServer Instance failed, 
enable debug log for more information. Error:
       Md5CheckFailedError: MD5 check failed! Binary MD5 
is "96dd562184ffb812ba951589da482cac", Checkfile MD5 is 
"896333eea778fa3f7726df71d1b1e9b7"
          at MongoBinaryDownload.makeMD5check (C:\Users\h
p\Downloads\BP\backend\node_modules\mongodb-memory-server
-core\src\util\MongoBinaryDownload.ts:183:13)
          at MongoBinaryDownload.startDownload (C:\Users\
hp\Downloads\BP\backend\node_modules\mongodb-memory-serve
r-core\src\util\MongoBinaryDownload.ts:149:5)
          at MongoBinaryDownload.getMongodPath (C:\Users\
hp\Downloads\BP\backend\node_modules\mongodb-memory-serve
r-core\src\util\MongoBinaryDownload.ts:114:28)
          at MongoBinary.download (C:\Users\hp\Downloads\
BP\backend\node_modules\mongodb-memory-server-core\src\ut
il\MongoBinary.ts:47:49)
          at MongoBinary.getPath (C:\Users\hp\Downloads\B
P\backend\node_modules\mongodb-memory-server-core\src\uti
l\MongoBinary.ts:132:22)
          at MongoInstance.start (C:\Users\hp\Downloads\B
P\backend\node_modules\mongodb-memory-server-core\src\uti
l\MongoInstance.ts:366:22)
          at MongoInstance.create (C:\Users\hp\Downloads\
BP\backend\node_modules\mongodb-memory-server-core\src\ut
il\MongoInstance.ts:294:5)
          at MongoMemoryServer._startUpInstance (C:\Users
\hp\Downloads\BP\backend\node_modules\mongodb-memory-serv
er-core\src\MongoMemoryServer.ts:530:22)
          at MongoMemoryServer.start (C:\Users\hp\Downloa
ds\BP\backend\node_modules\mongodb-memory-server-core\src
\MongoMemoryServer.ts:350:5)
          at MongoMemoryServer.create (C:\Users\hp\Downlo
ads\BP\backend\node_modules\mongodb-memory-server-core\sr
c\MongoMemoryServer.ts:317:5)
          at Object.<anonymous> 
(C:\Users\hp\Downloads\BP\backend\tests\setup.js:12:19) {
        binarymd5: '96dd562184ffb812ba951589da482cac',
        checkfilemd5: '896333eea778fa3f7726df71d1b1e9b7'
      }

    [0m [90m 10 |[39m beforeAll([36masync[39m () 
[33m=>[39m {
     [90m 11 |[39m     [90m// Start in-memory MongoDB 
instance[39m
    [31m[1m>[22m[39m[90m 12 |[39m     mongoServer 
[33m=[39m [36mawait[39m 
[33mMongoMemoryServer[39m[33m.[39mcreate()[33m;[39m
     [90m    |[39m                   
[31m[1m^[22m[39m
     [90m 13 |[39m     [36mconst[39m mongoUri 
[33m=[39m mongoServer[33m.[39mgetUri()[33m;[39m
     [90m 14 |[39m
     [90m 15 |[39m     [90m// Connect to the 
in-memory database[39m[0m

      at node_modules/mongodb-memory-server-core/src/Mong
oMemoryServer.ts:359:17
      at MongoMemoryServer.start (node_modules/mongodb-me
mory-server-core/src/MongoMemoryServer.ts:350:5)
      at MongoMemoryServer.create (node_modules/mongodb-m
emory-server-core/src/MongoMemoryServer.ts:317:5)
      at Object.<anonymous> (tests/setup.js:12:19)

  ΓùÅ Health Check ΓÇ║ should return API is running

    MD5 check failed! Binary MD5 is 
"96dd562184ffb812ba951589da482cac", Checkfile MD5 is 
"896333eea778fa3f7726df71d1b1e9b7"

    [0m [90m 10 |[39m beforeAll([36masync[39m () 
[33m=>[39m {
     [90m 11 |[39m     [90m// Start in-memory MongoDB 
instance[39m
    [31m[1m>[22m[39m[90m 12 |[39m     mongoServer 
[33m=[39m [36mawait[39m 
[33mMongoMemoryServer[39m[33m.[39mcreate()[33m;[39m
     [90m    |[39m                   
[31m[1m^[22m[39m
     [90m 13 |[39m     [36mconst[39m mongoUri 
[33m=[39m mongoServer[33m.[39mgetUri()[33m;[39m
     [90m 14 |[39m
     [90m 15 |[39m     [90m// Connect to the 
in-memory database[39m[0m

      at MongoBinaryDownload.makeMD5check (node_modules/m
ongodb-memory-server-core/src/util/MongoBinaryDownload.ts
:183:13)
      at MongoBinaryDownload.startDownload (node_modules/
mongodb-memory-server-core/src/util/MongoBinaryDownload.t
s:149:5)
      at MongoBinaryDownload.getMongodPath (node_modules/
mongodb-memory-server-core/src/util/MongoBinaryDownload.t
s:114:28)
      at MongoBinary.download (node_modules/mongodb-memor
y-server-core/src/util/MongoBinary.ts:47:49)
      at MongoBinary.getPath (node_modules/mongodb-memory
-server-core/src/util/MongoBinary.ts:132:22)
      at MongoInstance.start (node_modules/mongodb-memory
-server-core/src/util/MongoInstance.ts:366:22)
      at MongoInstance.create (node_modules/mongodb-memor
y-server-core/src/util/MongoInstance.ts:294:5)
      at MongoMemoryServer._startUpInstance (node_modules
/mongodb-memory-server-core/src/MongoMemoryServer.ts:530:
22)
      at MongoMemoryServer.start (node_modules/mongodb-me
mory-server-core/src/MongoMemoryServer.ts:350:5)
      at MongoMemoryServer.create (node_modules/mongodb-m
emory-server-core/src/MongoMemoryServer.ts:317:5)
      at Object.<anonymous> (tests/setup.js:12:19)

FAIL tests/appointment.test.js (98.992 s)
  ΓùÅ Console

    console.log
      ≡ƒöæ API Key Loaded: YES (Starts with AIza)

      at log (src/controllers/aiController.js:11:9)

    console.log
      Γ£¿ AI Model initialized successfully

      at log (src/controllers/aiController.js:22:17)

  ΓùÅ Appointment Routes ΓÇ║ POST /api/appointments ΓÇ║ 
should create an appointment

    thrown: "Exceeded timeout of 30000 ms for a hook.
    Add a timeout value to this test to increase the 
timeout, if this is a long-running test. See 
https://jestjs.io/docs/api#testname-fn-timeout."

    [0m [90m  8 |[39m [36mlet[39m 
mongoServer[33m;[39m
     [90m  9 |[39m
    [31m[1m>[22m[39m[90m 10 |[39m 
beforeAll([36masync[39m () [33m=>[39m {
     [90m    |[39m [31m[1m^[22m[39m
     [90m 11 |[39m     [90m// Start in-memory MongoDB 
instance[39m
     [90m 12 |[39m     mongoServer [33m=[39m 
[36mawait[39m 
[33mMongoMemoryServer[39m[33m.[39mcreate()[33m;[39m
     [90m 13 |[39m     [36mconst[39m mongoUri 
[33m=[39m mongoServer[33m.[39mgetUri()[33m;[39m[0m

      at beforeAll (tests/setup.js:10:1)

Test Suites: 7 failed, 7 total
Tests:       24 failed, 24 total
Snapshots:   0 total
Time:        178.738 s
Ran all test suites.

  ΓùÅ  Cannot log after tests are done. Did you forget 
to wait for something async in your test?
    Attempted to log "Starting the MongoMemoryServer 
Instance failed, enable debug log for more information. 
Error:
     [Md5CheckFailedError: MD5 check failed! Binary MD5 
is "96dd562184ffb812ba951589da482cac", Checkfile MD5 is 
"896333eea778fa3f7726df71d1b1e9b7"] {
      binarymd5: '96dd562184ffb812ba951589da482cac',
      checkfilemd5: '896333eea778fa3f7726df71d1b1e9b7'
    }".

    [0m [90m 10 |[39m beforeAll([36masync[39m () 
[33m=>[39m {
     [90m 11 |[39m     [90m// Start in-memory MongoDB 
instance[39m
    [31m[1m>[22m[39m[90m 12 |[39m     mongoServer 
[33m=[39m [36mawait[39m 
[33mMongoMemoryServer[39m[33m.[39mcreate()[33m;[39m
     [90m    |[39m                   
[31m[1m^[22m[39m
     [90m 13 |[39m     [36mconst[39m mongoUri 
[33m=[39m mongoServer[33m.[39mgetUri()[33m;[39m
     [90m 14 |[39m
     [90m 15 |[39m     [90m// Connect to the 
in-memory database[39m[0m

      at console.warn 
(node_modules/@jest/console/build/index.js:173:10)
      at node_modules/mongodb-memory-server-core/src/Mong
oMemoryServer.ts:359:17
      at MongoMemoryServer.start (node_modules/mongodb-me
mory-server-core/src/MongoMemoryServer.ts:350:5)
      at MongoMemoryServer.create (node_modules/mongodb-m
emory-server-core/src/MongoMemoryServer.ts:317:5)
      at Object.<anonymous> (tests/setup.js:12:19)

